[www.typingbolt.com/index.html]
[backblue.gif]
[fade.gif]
[index.html]
[www.typingbolt.com/assets/images/favicon.png]
[www.typingbolt.com/assets/images/fb-og-image.jpg]
[www.typingbolt.com/manifest.json]
[cdn.onesignal.com/sdks/OneSignalSDK.js]
[www.typingbolt.com/assets/css/bootstrap9a0d.css]
[www.typingbolt.com/assets/css/style9a0d.css]
[www.typingbolt.com/assets/css/keyboard9a0d.css]
[www.typingbolt.com/assets/js/jquery.min9a0d.js]
[www.typingbolt.com/assets/js/ads9a0d.js]
[www.typingbolt.com/assets/js/cookies.min9a0d.js]
[www.typingbolt.com/assets/images/logo.svg]
[www.typingbolt.com/leaderboard.html]
[www.typingbolt.com/how-to-type.html]
[pagead2.googlesyndication.com/pagead/js/f.txt]
[www.typingbolt.com/assets/images/certificate-sample.jpg]
[www.typingbolt.com/assets/images/optimized-words-typing.svg]
[www.typingbolt.com/assets/images/difficulty-typing.svg]
[www.typingbolt.com/assets/images/zoom-hand.png]
[www.typingbolt.com/assets/images/zoom-graph.png]
[www.typingbolt.com/terms-and-conditions.html]
[www.typingbolt.com/privacy-policy.html]
[www.typingbolt.com/assets/js/Chart.min9a0d.js]
[www.typingbolt.com/assets/js/practice.mina751.js]
[maxcdn.bootstrapcdn.com/font-awesome/4.7.0/css/font-awesome.min.css]
[www.typingbolt.com/assets/js/bootstrap9a0d.js]
[www.typingbolt.com/assets/js/main.min9a0d.js]
[www.google-analytics.com/analytics.js]
[www.typingbolt.com/index.html]
[www.typingbolt.com/assets/css/bootstrap9a0d.css]
[www.typingbolt.com/assets/images/main-bg.svg]
[www.typingbolt.com/assets/css/style9a0d.css]
[www.typingbolt.com/assets/images/footer.svg]
[www.typingbolt.com/assets/fonts/EngraversGothic-Regular-webfont.eot]
[www.typingbolt.com/assets/fonts/EngraversGothic-Regular-webfontd41d.eot]
[www.typingbolt.com/assets/fonts/EngraversGothic-Regular-webfont.woff]
[www.typingbolt.com/assets/fonts/EngraversGothic-Regular-webfont.ttf]
[www.typingbolt.com/assets/fonts/EngraversGothic-Regular-webfont.svg]
[www.typingbolt.com/assets/fonts/Volkswagen_Serial-Regular-webfont.eot]
[www.typingbolt.com/assets/fonts/Volkswagen_Serial-Regular-webfontd41d.eot]
[www.typingbolt.com/assets/fonts/Volkswagen_Serial-Regular-webfont.woff]
[www.typingbolt.com/fonts/Volkswagen_Serial-Regular-webfont.ttf]
[www.typingbolt.com/assets/fonts/Volkswagen_Serial-Regular-webfont.svg]
[www.typingbolt.com/assets/fonts/kbd-webfont.eot]
[www.typingbolt.com/assets/fonts/kbd-webfontd41d.eot]
[www.typingbolt.com/assets/fonts/kbd-webfont.woff]
[www.typingbolt.com/fonts/kbd-webfont.ttf]
[www.typingbolt.com/assets/fonts/kbd-webfont.svg]
[www.typingbolt.com/assets/css/keyboard9a0d.css]
[www.typingbolt.com/assets/images/logo.svg]
[www.typingbolt.com/assets/fonts/combining-diacritical.ttf]
[www.typingbolt.com/leaderboard.html]
[www.typingbolt.com/assets/images/bumps-keyboard-typing.png]
[www.typingbolt.com/assets/images/home-key-position-keyboard-typing.png]
[www.typingbolt.com/assets/images/keyboard-layout-typing-fingers-colors.png]
[www.typingbolt.com/how-to-type.html]
[www.typingbolt.com/assets/images/optimized-words-typing.svg]
[www.typingbolt.com/assets/images/difficulty-typing.svg]
[www.typingbolt.com/terms-and-conditions.html]
[www.typingbolt.com/privacy-policy.html]
[maxcdn.bootstrapcdn.com/font-awesome/4.7.0/css/font-awesome.min.css]
[www.typingbolt.com/assets/images/main-bg.svg]
[www.typingbolt.com/assets/images/footer.svg]
[www.typingbolt.com/assets/fonts/EngraversGothic-Regular-webfont.svg]
[www.typingbolt.com/fonts/Volkswagen_Serial-Regular-webfont.html]
[www.typingbolt.com/assets/fonts/Volkswagen_Serial-Regular-webfont.svg]
[www.typingbolt.com/assets/fonts/kbd-webfont.html]
[www.typingbolt.com/assets/fonts/kbd-webfontd41d.html]
[www.typingbolt.com/fonts/kbd-webfont.html]
[www.typingbolt.com/assets/fonts/kbd-webfont-2.html]
